[2025-05-05T21:39:40.051+0800][gc,init] CardTable entry size: 512
[2025-05-05T21:39:40.055+0800][gc     ] Using G1
[2025-05-05T21:39:40.062+0800][gc,init] Version: 21.0.6+7-Ubuntu-124.04.1 (release)
[2025-05-05T21:39:40.063+0800][gc,init] CPUs: 12 total, 12 available
[2025-05-05T21:39:40.063+0800][gc,init] Memory: 7903M
[2025-05-05T21:39:40.064+0800][gc,init] Large Page Support: Disabled
[2025-05-05T21:39:40.064+0800][gc,init] NUMA Support: Disabled
[2025-05-05T21:39:40.064+0800][gc,init] Compressed Oops: Enabled (32-bit)
[2025-05-05T21:39:40.065+0800][gc,init] Heap Region Size: 1M
[2025-05-05T21:39:40.065+0800][gc,init] Heap Min Capacity: 1G
[2025-05-05T21:39:40.066+0800][gc,init] Heap Initial Capacity: 1G
[2025-05-05T21:39:40.066+0800][gc,init] Heap Max Capacity: 1G
[2025-05-05T21:39:40.067+0800][gc,init] Pre-touch: Disabled
[2025-05-05T21:39:40.067+0800][gc,init] Parallel Workers: 10
[2025-05-05T21:39:40.067+0800][gc,init] Concurrent Workers: 3
[2025-05-05T21:39:40.068+0800][gc,init] Concurrent Refinement Workers: 10
[2025-05-05T21:39:40.068+0800][gc,init] Periodic GC: Disabled
[2025-05-05T21:39:40.075+0800][gc,metaspace] CDS archive(s) mapped at: [0x00007f0bcf000000-0x00007f0bcfc97000-0x00007f0bcfc97000), size 13201408, SharedBaseAddress: 0x00007f0bcf000000, ArchiveRelocationMode: 1.
[2025-05-05T21:39:40.075+0800][gc,metaspace] Compressed class space mapped at: 0x00007f0bd0000000-0x00007f0c10000000, reserved size: 1073741824
[2025-05-05T21:39:40.076+0800][gc,metaspace] Narrow klass base: 0x00007f0bcf000000, Narrow klass shift: 0, Narrow klass range: 0x100000000
[2025-05-05T21:39:42.730+0800][gc,start    ] GC(0) Pause Young (Normal) (G1 Evacuation Pause)
[2025-05-05T21:39:42.732+0800][gc,task     ] GC(0) Using 10 workers of 10 for evacuation
[2025-05-05T21:39:42.741+0800][gc,phases   ] GC(0)   Pre Evacuate Collection Set: 0.5ms
[2025-05-05T21:39:42.742+0800][gc,phases   ] GC(0)   Merge Heap Roots: 0.3ms
[2025-05-05T21:39:42.742+0800][gc,phases   ] GC(0)   Evacuate Collection Set: 6.7ms
[2025-05-05T21:39:42.743+0800][gc,phases   ] GC(0)   Post Evacuate Collection Set: 1.1ms
[2025-05-05T21:39:42.743+0800][gc,phases   ] GC(0)   Other: 2.7ms
[2025-05-05T21:39:42.743+0800][gc,heap     ] GC(0) Eden regions: 51->0(44)
[2025-05-05T21:39:42.744+0800][gc,heap     ] GC(0) Survivor regions: 0->7(7)
[2025-05-05T21:39:42.744+0800][gc,heap     ] GC(0) Old regions: 2->3
[2025-05-05T21:39:42.744+0800][gc,heap     ] GC(0) Humongous regions: 0->0
[2025-05-05T21:39:42.745+0800][gc,metaspace] GC(0) Metaspace: 15964K(16128K)->15964K(16128K) NonClass: 14235K(14336K)->14235K(14336K) Class: 1729K(1792K)->1729K(1792K)
[2025-05-05T21:39:42.745+0800][gc          ] GC(0) Pause Young (Normal) (G1 Evacuation Pause) 52M->8M(1024M) 15.206ms
[2025-05-05T21:39:42.745+0800][gc,cpu      ] GC(0) User=0.05s Sys=0.02s Real=0.02s
[2025-05-05T21:39:43.225+0800][gc,start    ] GC(1) Pause Young (Concurrent Start) (Metadata GC Threshold)
[2025-05-05T21:39:43.225+0800][gc,task     ] GC(1) Using 10 workers of 10 for evacuation
[2025-05-05T21:39:43.233+0800][gc,phases   ] GC(1)   Pre Evacuate Collection Set: 0.5ms
[2025-05-05T21:39:43.234+0800][gc,phases   ] GC(1)   Merge Heap Roots: 0.4ms
[2025-05-05T21:39:43.234+0800][gc,phases   ] GC(1)   Evacuate Collection Set: 5.6ms
[2025-05-05T21:39:43.234+0800][gc,phases   ] GC(1)   Post Evacuate Collection Set: 1.0ms
[2025-05-05T21:39:43.235+0800][gc,phases   ] GC(1)   Other: 0.5ms
[2025-05-05T21:39:43.235+0800][gc,heap     ] GC(1) Eden regions: 16->0(49)
[2025-05-05T21:39:43.235+0800][gc,heap     ] GC(1) Survivor regions: 7->2(7)
[2025-05-05T21:39:43.236+0800][gc,heap     ] GC(1) Old regions: 3->11
[2025-05-05T21:39:43.236+0800][gc,heap     ] GC(1) Humongous regions: 0->0
[2025-05-05T21:39:43.236+0800][gc,metaspace] GC(1) Metaspace: 21210K(21504K)->21210K(21504K) NonClass: 18706K(18880K)->18706K(18880K) Class: 2504K(2624K)->2504K(2624K)
[2025-05-05T21:39:43.236+0800][gc          ] GC(1) Pause Young (Concurrent Start) (Metadata GC Threshold) 24M->10M(1024M) 11.608ms
[2025-05-05T21:39:43.237+0800][gc,cpu      ] GC(1) User=0.00s Sys=0.05s Real=0.01s
[2025-05-05T21:39:43.237+0800][gc          ] GC(2) Concurrent Mark Cycle
[2025-05-05T21:39:43.237+0800][gc,marking  ] GC(2) Concurrent Scan Root Regions
[2025-05-05T21:39:43.240+0800][gc,marking  ] GC(2) Concurrent Scan Root Regions 2.536ms
[2025-05-05T21:39:43.240+0800][gc,marking  ] GC(2) Concurrent Mark
[2025-05-05T21:39:43.241+0800][gc,marking  ] GC(2) Concurrent Mark From Roots
[2025-05-05T21:39:43.241+0800][gc,task     ] GC(2) Using 3 workers of 3 for marking
[2025-05-05T21:39:43.243+0800][gc,marking  ] GC(2) Concurrent Mark From Roots 2.449ms
[2025-05-05T21:39:43.243+0800][gc,marking  ] GC(2) Concurrent Preclean
[2025-05-05T21:39:43.244+0800][gc,marking  ] GC(2) Concurrent Preclean 0.350ms
[2025-05-05T21:39:43.244+0800][gc,start    ] GC(2) Pause Remark
[2025-05-05T21:39:43.248+0800][gc          ] GC(2) Pause Remark 11M->11M(1024M) 3.301ms
[2025-05-05T21:39:43.248+0800][gc,cpu      ] GC(2) User=0.00s Sys=0.01s Real=0.00s
[2025-05-05T21:39:43.248+0800][gc,marking  ] GC(2) Concurrent Mark 7.806ms
[2025-05-05T21:39:43.248+0800][gc,marking  ] GC(2) Concurrent Rebuild Remembered Sets and Scrub Regions
[2025-05-05T21:39:43.250+0800][gc,marking  ] GC(2) Concurrent Rebuild Remembered Sets and Scrub Regions 1.561ms
[2025-05-05T21:39:43.251+0800][gc,start    ] GC(2) Pause Cleanup
[2025-05-05T21:39:43.251+0800][gc          ] GC(2) Pause Cleanup 11M->11M(1024M) 0.629ms
[2025-05-05T21:39:43.252+0800][gc,cpu      ] GC(2) User=0.00s Sys=0.00s Real=0.00s
[2025-05-05T21:39:43.252+0800][gc,marking  ] GC(2) Concurrent Clear Claimed Marks
[2025-05-05T21:39:43.252+0800][gc,marking  ] GC(2) Concurrent Clear Claimed Marks 0.352ms
[2025-05-05T21:39:43.253+0800][gc,marking  ] GC(2) Concurrent Cleanup for Next Mark
[2025-05-05T21:39:43.255+0800][gc,marking  ] GC(2) Concurrent Cleanup for Next Mark 2.046ms
[2025-05-05T21:39:43.255+0800][gc          ] GC(2) Concurrent Mark Cycle 18.148ms
[2025-05-05T21:39:45.010+0800][gc,start    ] GC(3) Pause Young (Prepare Mixed) (G1 Evacuation Pause)
[2025-05-05T21:39:45.011+0800][gc,task     ] GC(3) Using 10 workers of 10 for evacuation
[2025-05-05T21:39:45.015+0800][gc,phases   ] GC(3)   Pre Evacuate Collection Set: 0.4ms
[2025-05-05T21:39:45.016+0800][gc,phases   ] GC(3)   Merge Heap Roots: 0.3ms
[2025-05-05T21:39:45.016+0800][gc,phases   ] GC(3)   Evacuate Collection Set: 2.4ms
[2025-05-05T21:39:45.016+0800][gc,phases   ] GC(3)   Post Evacuate Collection Set: 1.2ms
[2025-05-05T21:39:45.017+0800][gc,phases   ] GC(3)   Other: 0.4ms
[2025-05-05T21:39:45.017+0800][gc,heap     ] GC(3) Eden regions: 49->0(45)
[2025-05-05T21:39:45.017+0800][gc,heap     ] GC(3) Survivor regions: 2->6(7)
[2025-05-05T21:39:45.018+0800][gc,heap     ] GC(3) Old regions: 11->11
[2025-05-05T21:39:45.018+0800][gc,heap     ] GC(3) Humongous regions: 9->9
[2025-05-05T21:39:45.018+0800][gc,metaspace] GC(3) Metaspace: 34039K(34496K)->34039K(34496K) NonClass: 30188K(30400K)->30188K(30400K) Class: 3850K(4096K)->3850K(4096K)
[2025-05-05T21:39:45.018+0800][gc          ] GC(3) Pause Young (Prepare Mixed) (G1 Evacuation Pause) 68M->23M(1024M) 8.147ms
[2025-05-05T21:39:45.019+0800][gc,cpu      ] GC(3) User=0.02s Sys=0.00s Real=0.00s
[2025-05-05T21:39:45.186+0800][gc,start    ] GC(4) Pause Young (Mixed) (Metadata GC Threshold)
[2025-05-05T21:39:45.186+0800][gc,task     ] GC(4) Using 10 workers of 10 for evacuation
[2025-05-05T21:39:45.195+0800][gc,phases   ] GC(4)   Pre Evacuate Collection Set: 0.3ms
[2025-05-05T21:39:45.195+0800][gc,phases   ] GC(4)   Merge Heap Roots: 0.3ms
[2025-05-05T21:39:45.196+0800][gc,phases   ] GC(4)   Evacuate Collection Set: 6.5ms
[2025-05-05T21:39:45.196+0800][gc,phases   ] GC(4)   Post Evacuate Collection Set: 1.0ms
[2025-05-05T21:39:45.196+0800][gc,phases   ] GC(4)   Other: 0.4ms
[2025-05-05T21:39:45.197+0800][gc,heap     ] GC(4) Eden regions: 8->0(49)
[2025-05-05T21:39:45.197+0800][gc,heap     ] GC(4) Survivor regions: 6->2(7)
[2025-05-05T21:39:45.198+0800][gc,heap     ] GC(4) Old regions: 11->15
[2025-05-05T21:39:45.198+0800][gc,heap     ] GC(4) Humongous regions: 9->9
[2025-05-05T21:39:45.199+0800][gc,metaspace] GC(4) Metaspace: 35619K(36096K)->35619K(36096K) NonClass: 31547K(31808K)->31547K(31808K) Class: 4072K(4288K)->4072K(4288K)
[2025-05-05T21:39:45.199+0800][gc          ] GC(4) Pause Young (Mixed) (Metadata GC Threshold) 31M->25M(1024M) 12.801ms
[2025-05-05T21:39:45.199+0800][gc,cpu      ] GC(4) User=0.01s Sys=0.05s Real=0.01s
[2025-05-05T21:39:45.227+0800][gc,start    ] GC(5) Pause Young (Concurrent Start) (Metadata GC Threshold)
[2025-05-05T21:39:45.227+0800][gc,task     ] GC(5) Using 10 workers of 10 for evacuation
[2025-05-05T21:39:45.230+0800][gc,phases   ] GC(5)   Pre Evacuate Collection Set: 0.4ms
[2025-05-05T21:39:45.231+0800][gc,phases   ] GC(5)   Merge Heap Roots: 0.3ms
[2025-05-05T21:39:45.231+0800][gc,phases   ] GC(5)   Evacuate Collection Set: 1.0ms
[2025-05-05T21:39:45.231+0800][gc,phases   ] GC(5)   Post Evacuate Collection Set: 0.7ms
[2025-05-05T21:39:45.231+0800][gc,phases   ] GC(5)   Other: 0.6ms
[2025-05-05T21:39:45.232+0800][gc,heap     ] GC(5) Eden regions: 3->0(50)
[2025-05-05T21:39:45.232+0800][gc,heap     ] GC(5) Survivor regions: 2->1(7)
[2025-05-05T21:39:45.232+0800][gc,heap     ] GC(5) Old regions: 15->15
[2025-05-05T21:39:45.232+0800][gc,heap     ] GC(5) Humongous regions: 9->9
[2025-05-05T21:39:45.233+0800][gc,metaspace] GC(5) Metaspace: 35968K(36416K)->35968K(36416K) NonClass: 31874K(32128K)->31874K(32128K) Class: 4093K(4288K)->4093K(4288K)
[2025-05-05T21:39:45.233+0800][gc          ] GC(5) Pause Young (Concurrent Start) (Metadata GC Threshold) 27M->24M(1024M) 6.081ms
[2025-05-05T21:39:45.233+0800][gc,cpu      ] GC(5) User=0.01s Sys=0.00s Real=0.01s
[2025-05-05T21:39:45.233+0800][gc          ] GC(6) Concurrent Mark Cycle
[2025-05-05T21:39:45.234+0800][gc,marking  ] GC(6) Concurrent Scan Root Regions
[2025-05-05T21:39:45.235+0800][gc,marking  ] GC(6) Concurrent Scan Root Regions 0.926ms
[2025-05-05T21:39:45.235+0800][gc,marking  ] GC(6) Concurrent Mark
[2025-05-05T21:39:45.235+0800][gc,marking  ] GC(6) Concurrent Mark From Roots
[2025-05-05T21:39:45.235+0800][gc,task     ] GC(6) Using 3 workers of 3 for marking
[2025-05-05T21:39:45.243+0800][gc,marking  ] GC(6) Concurrent Mark From Roots 7.651ms
[2025-05-05T21:39:45.243+0800][gc,marking  ] GC(6) Concurrent Preclean
[2025-05-05T21:39:45.243+0800][gc,marking  ] GC(6) Concurrent Preclean 0.380ms
[2025-05-05T21:39:45.244+0800][gc,start    ] GC(6) Pause Remark
[2025-05-05T21:39:45.247+0800][gc          ] GC(6) Pause Remark 26M->26M(1024M) 2.764ms
[2025-05-05T21:39:45.247+0800][gc,cpu      ] GC(6) User=0.01s Sys=0.00s Real=0.00s
[2025-05-05T21:39:45.248+0800][gc,marking  ] GC(6) Concurrent Mark 12.961ms
[2025-05-05T21:39:45.248+0800][gc,marking  ] GC(6) Concurrent Rebuild Remembered Sets and Scrub Regions
[2025-05-05T21:39:45.251+0800][gc,marking  ] GC(6) Concurrent Rebuild Remembered Sets and Scrub Regions 2.558ms
[2025-05-05T21:39:45.251+0800][gc,start    ] GC(6) Pause Cleanup
[2025-05-05T21:39:45.252+0800][gc          ] GC(6) Pause Cleanup 26M->26M(1024M) 0.644ms
[2025-05-05T21:39:45.252+0800][gc,cpu      ] GC(6) User=0.00s Sys=0.00s Real=0.00s
[2025-05-05T21:39:45.253+0800][gc,marking  ] GC(6) Concurrent Clear Claimed Marks
[2025-05-05T21:39:45.253+0800][gc,marking  ] GC(6) Concurrent Clear Claimed Marks 0.305ms
[2025-05-05T21:39:45.253+0800][gc,marking  ] GC(6) Concurrent Cleanup for Next Mark
[2025-05-05T21:39:45.254+0800][gc,marking  ] GC(6) Concurrent Cleanup for Next Mark 1.086ms
[2025-05-05T21:39:45.255+0800][gc          ] GC(6) Concurrent Mark Cycle 21.752ms
[2025-05-05T21:40:55.465+0800][gc,start    ] GC(7) Pause Young (Prepare Mixed) (G1 Evacuation Pause)
[2025-05-05T21:40:55.465+0800][gc,task     ] GC(7) Using 10 workers of 10 for evacuation
[2025-05-05T21:40:55.472+0800][gc,phases   ] GC(7)   Pre Evacuate Collection Set: 0.5ms
[2025-05-05T21:40:55.472+0800][gc,phases   ] GC(7)   Merge Heap Roots: 0.2ms
[2025-05-05T21:40:55.473+0800][gc,phases   ] GC(7)   Evacuate Collection Set: 4.6ms
[2025-05-05T21:40:55.473+0800][gc,phases   ] GC(7)   Post Evacuate Collection Set: 1.2ms
[2025-05-05T21:40:55.473+0800][gc,phases   ] GC(7)   Other: 0.4ms
[2025-05-05T21:40:55.474+0800][gc,heap     ] GC(7) Eden regions: 50->0(44)
[2025-05-05T21:40:55.474+0800][gc,heap     ] GC(7) Survivor regions: 1->7(7)
[2025-05-05T21:40:55.474+0800][gc,heap     ] GC(7) Old regions: 15->17
[2025-05-05T21:40:55.475+0800][gc,heap     ] GC(7) Humongous regions: 138->138
[2025-05-05T21:40:55.475+0800][gc,metaspace] GC(7) Metaspace: 43958K(44800K)->43958K(44800K) NonClass: 38911K(39360K)->38911K(39360K) Class: 5046K(5440K)->5046K(5440K)
[2025-05-05T21:40:55.475+0800][gc          ] GC(7) Pause Young (Prepare Mixed) (G1 Evacuation Pause) 203M->161M(1024M) 10.423ms
[2025-05-05T21:40:55.476+0800][gc,cpu      ] GC(7) User=0.03s Sys=0.01s Real=0.02s
[2025-05-05T21:43:44.085+0800][gc,start    ] GC(8) Pause Young (Mixed) (G1 Evacuation Pause)
[2025-05-05T21:43:44.086+0800][gc,task     ] GC(8) Using 10 workers of 10 for evacuation
[2025-05-05T21:43:44.100+0800][gc,phases   ] GC(8)   Pre Evacuate Collection Set: 0.6ms
[2025-05-05T21:43:44.100+0800][gc,phases   ] GC(8)   Merge Heap Roots: 0.4ms
[2025-05-05T21:43:44.101+0800][gc,phases   ] GC(8)   Evacuate Collection Set: 11.2ms
[2025-05-05T21:43:44.101+0800][gc,phases   ] GC(8)   Post Evacuate Collection Set: 1.6ms
[2025-05-05T21:43:44.102+0800][gc,phases   ] GC(8)   Other: 0.5ms
[2025-05-05T21:43:44.102+0800][gc,heap     ] GC(8) Eden regions: 44->0(48)
[2025-05-05T21:43:44.102+0800][gc,heap     ] GC(8) Survivor regions: 7->3(7)
[2025-05-05T21:43:44.102+0800][gc,heap     ] GC(8) Old regions: 17->24
[2025-05-05T21:43:44.102+0800][gc,heap     ] GC(8) Humongous regions: 140->140
[2025-05-05T21:43:44.103+0800][gc,metaspace] GC(8) Metaspace: 48106K(49216K)->48106K(49216K) NonClass: 42476K(43136K)->42476K(43136K) Class: 5629K(6080K)->5629K(6080K)
[2025-05-05T21:43:44.103+0800][gc          ] GC(8) Pause Young (Mixed) (G1 Evacuation Pause) 207M->166M(1024M) 17.835ms
[2025-05-05T21:43:44.103+0800][gc,cpu      ] GC(8) User=0.00s Sys=0.08s Real=0.02s
[2025-05-05T21:48:34.084+0800][gc,start    ] GC(9) Pause Young (Normal) (G1 Evacuation Pause)
[2025-05-05T21:48:34.084+0800][gc,task     ] GC(9) Using 10 workers of 10 for evacuation
[2025-05-05T21:48:34.089+0800][gc,phases   ] GC(9)   Pre Evacuate Collection Set: 0.6ms
[2025-05-05T21:48:34.090+0800][gc,phases   ] GC(9)   Merge Heap Roots: 0.2ms
[2025-05-05T21:48:34.090+0800][gc,phases   ] GC(9)   Evacuate Collection Set: 2.6ms
[2025-05-05T21:48:34.091+0800][gc,phases   ] GC(9)   Post Evacuate Collection Set: 1.2ms
[2025-05-05T21:48:34.091+0800][gc,phases   ] GC(9)   Other: 0.6ms
[2025-05-05T21:48:34.091+0800][gc,heap     ] GC(9) Eden regions: 48->0(46)
[2025-05-05T21:48:34.092+0800][gc,heap     ] GC(9) Survivor regions: 3->5(7)
[2025-05-05T21:48:34.092+0800][gc,heap     ] GC(9) Old regions: 24->24
[2025-05-05T21:48:34.093+0800][gc,heap     ] GC(9) Humongous regions: 140->140
[2025-05-05T21:48:34.093+0800][gc,metaspace] GC(9) Metaspace: 49381K(50432K)->49381K(50432K) NonClass: 43724K(44288K)->43724K(44288K) Class: 5657K(6144K)->5657K(6144K)
[2025-05-05T21:48:34.093+0800][gc          ] GC(9) Pause Young (Normal) (G1 Evacuation Pause) 214M->168M(1024M) 9.602ms
[2025-05-05T21:48:34.093+0800][gc,cpu      ] GC(9) User=0.01s Sys=0.01s Real=0.01s
[2025-05-05T21:53:23.935+0800][gc,start    ] GC(10) Pause Young (Normal) (G1 Evacuation Pause)
[2025-05-05T21:53:23.935+0800][gc,task     ] GC(10) Using 10 workers of 10 for evacuation
[2025-05-05T21:53:23.946+0800][gc,phases   ] GC(10)   Pre Evacuate Collection Set: 0.6ms
[2025-05-05T21:53:23.947+0800][gc,phases   ] GC(10)   Merge Heap Roots: 0.2ms
[2025-05-05T21:53:23.947+0800][gc,phases   ] GC(10)   Evacuate Collection Set: 8.5ms
[2025-05-05T21:53:23.947+0800][gc,phases   ] GC(10)   Post Evacuate Collection Set: 1.2ms
[2025-05-05T21:53:23.948+0800][gc,phases   ] GC(10)   Other: 0.5ms
[2025-05-05T21:53:23.948+0800][gc,heap     ] GC(10) Eden regions: 46->0(48)
[2025-05-05T21:53:23.948+0800][gc,heap     ] GC(10) Survivor regions: 5->3(7)
[2025-05-05T21:53:23.948+0800][gc,heap     ] GC(10) Old regions: 24->26
[2025-05-05T21:53:23.949+0800][gc,heap     ] GC(10) Humongous regions: 140->140
[2025-05-05T21:53:23.949+0800][gc,metaspace] GC(10) Metaspace: 49522K(50624K)->49522K(50624K) NonClass: 43858K(44480K)->43858K(44480K) Class: 5664K(6144K)->5664K(6144K)
[2025-05-05T21:53:23.949+0800][gc          ] GC(10) Pause Young (Normal) (G1 Evacuation Pause) 214M->168M(1024M) 14.614ms
[2025-05-05T21:53:23.949+0800][gc,cpu      ] GC(10) User=0.03s Sys=0.01s Real=0.01s
[2025-05-05T21:58:36.445+0800][gc,start    ] GC(11) Pause Young (Normal) (G1 Evacuation Pause)
[2025-05-05T21:58:36.446+0800][gc,task     ] GC(11) Using 10 workers of 10 for evacuation
[2025-05-05T21:58:36.451+0800][gc,phases   ] GC(11)   Pre Evacuate Collection Set: 0.8ms
[2025-05-05T21:58:36.451+0800][gc,phases   ] GC(11)   Merge Heap Roots: 0.3ms
[2025-05-05T21:58:36.452+0800][gc,phases   ] GC(11)   Evacuate Collection Set: 2.4ms
[2025-05-05T21:58:36.452+0800][gc,phases   ] GC(11)   Post Evacuate Collection Set: 0.9ms
[2025-05-05T21:58:36.453+0800][gc,phases   ] GC(11)   Other: 0.6ms
[2025-05-05T21:58:36.453+0800][gc,heap     ] GC(11) Eden regions: 48->0(46)
[2025-05-05T21:58:36.454+0800][gc,heap     ] GC(11) Survivor regions: 3->5(7)
[2025-05-05T21:58:36.454+0800][gc,heap     ] GC(11) Old regions: 26->26
[2025-05-05T21:58:36.454+0800][gc,heap     ] GC(11) Humongous regions: 140->140
[2025-05-05T21:58:36.455+0800][gc,metaspace] GC(11) Metaspace: 49620K(50688K)->49620K(50688K) NonClass: 43956K(44544K)->43956K(44544K) Class: 5664K(6144K)->5664K(6144K)
[2025-05-05T21:58:36.455+0800][gc          ] GC(11) Pause Young (Normal) (G1 Evacuation Pause) 216M->170M(1024M) 9.767ms
[2025-05-05T21:58:36.455+0800][gc,cpu      ] GC(11) User=0.02s Sys=0.01s Real=0.01s
[2025-05-05T22:03:33.118+0800][gc,start    ] GC(12) Pause Young (Normal) (G1 Evacuation Pause)
[2025-05-05T22:03:33.118+0800][gc,task     ] GC(12) Using 10 workers of 10 for evacuation
[2025-05-05T22:03:33.126+0800][gc,phases   ] GC(12)   Pre Evacuate Collection Set: 2.3ms
[2025-05-05T22:03:33.126+0800][gc,phases   ] GC(12)   Merge Heap Roots: 0.6ms
[2025-05-05T22:03:33.127+0800][gc,phases   ] GC(12)   Evacuate Collection Set: 2.9ms
[2025-05-05T22:03:33.127+0800][gc,phases   ] GC(12)   Post Evacuate Collection Set: 1.2ms
[2025-05-05T22:03:33.127+0800][gc,phases   ] GC(12)   Other: 0.4ms
[2025-05-05T22:03:33.128+0800][gc,heap     ] GC(12) Eden regions: 46->0(55)
[2025-05-05T22:03:33.128+0800][gc,heap     ] GC(12) Survivor regions: 5->5(7)
[2025-05-05T22:03:33.128+0800][gc,heap     ] GC(12) Old regions: 26->27
[2025-05-05T22:03:33.129+0800][gc,heap     ] GC(12) Humongous regions: 142->142
[2025-05-05T22:03:33.129+0800][gc,metaspace] GC(12) Metaspace: 49722K(50816K)->49722K(50816K) NonClass: 44053K(44672K)->44053K(44672K) Class: 5668K(6144K)->5668K(6144K)
[2025-05-05T22:03:33.129+0800][gc          ] GC(12) Pause Young (Normal) (G1 Evacuation Pause) 218M->172M(1024M) 11.726ms
[2025-05-05T22:03:33.129+0800][gc,cpu      ] GC(12) User=0.03s Sys=0.01s Real=0.01s
[2025-05-05T22:07:33.219+0800][gc,start    ] GC(13) Pause Young (Normal) (G1 Evacuation Pause)
[2025-05-05T22:07:33.220+0800][gc,task     ] GC(13) Using 10 workers of 10 for evacuation
[2025-05-05T22:07:33.226+0800][gc,phases   ] GC(13)   Pre Evacuate Collection Set: 0.6ms
[2025-05-05T22:07:33.226+0800][gc,phases   ] GC(13)   Merge Heap Roots: 0.2ms
[2025-05-05T22:07:33.227+0800][gc,phases   ] GC(13)   Evacuate Collection Set: 4.1ms
[2025-05-05T22:07:33.227+0800][gc,phases   ] GC(13)   Post Evacuate Collection Set: 0.8ms
[2025-05-05T22:07:33.227+0800][gc,phases   ] GC(13)   Other: 0.4ms
[2025-05-05T22:07:33.227+0800][gc,heap     ] GC(13) Eden regions: 46->0(82)
[2025-05-05T22:07:33.228+0800][gc,heap     ] GC(13) Survivor regions: 5->5(7)
[2025-05-05T22:07:33.228+0800][gc,heap     ] GC(13) Old regions: 27->28
[2025-05-05T22:07:33.229+0800][gc,heap     ] GC(13) Humongous regions: 144->144
[2025-05-05T22:07:33.229+0800][gc,metaspace] GC(13) Metaspace: 49855K(50880K)->49855K(50880K) NonClass: 44161K(44736K)->44161K(44736K) Class: 5694K(6144K)->5694K(6144K)
[2025-05-05T22:07:33.229+0800][gc          ] GC(13) Pause Young (Normal) (G1 Evacuation Pause) 220M->176M(1024M) 10.087ms
[2025-05-05T22:07:33.230+0800][gc,cpu      ] GC(13) User=0.02s Sys=0.01s Real=0.01s
[2025-05-05T22:11:30.373+0800][gc,start    ] GC(14) Pause Young (Normal) (G1 Evacuation Pause)
[2025-05-05T22:11:30.373+0800][gc,task     ] GC(14) Using 10 workers of 10 for evacuation
[2025-05-05T22:11:30.381+0800][gc,phases   ] GC(14)   Pre Evacuate Collection Set: 0.4ms
[2025-05-05T22:11:30.381+0800][gc,phases   ] GC(14)   Merge Heap Roots: 0.3ms
[2025-05-05T22:11:30.382+0800][gc,phases   ] GC(14)   Evacuate Collection Set: 5.5ms
[2025-05-05T22:11:30.382+0800][gc,phases   ] GC(14)   Post Evacuate Collection Set: 1.1ms
[2025-05-05T22:11:30.383+0800][gc,phases   ] GC(14)   Other: 0.4ms
[2025-05-05T22:11:30.383+0800][gc,heap     ] GC(14) Eden regions: 54->0(111)
[2025-05-05T22:11:30.383+0800][gc,heap     ] GC(14) Survivor regions: 5->5(8)
[2025-05-05T22:11:30.384+0800][gc,heap     ] GC(14) Old regions: 28->29
[2025-05-05T22:11:30.384+0800][gc,heap     ] GC(14) Humongous regions: 144->144
[2025-05-05T22:11:30.385+0800][gc,metaspace] GC(14) Metaspace: 50982K(52096K)->50982K(52096K) NonClass: 45071K(45696K)->45071K(45696K) Class: 5910K(6400K)->5910K(6400K)
[2025-05-05T22:11:30.385+0800][gc          ] GC(14) Pause Young (Normal) (G1 Evacuation Pause) 230M->177M(1024M) 12.370ms
[2025-05-05T22:11:30.386+0800][gc,cpu      ] GC(14) User=0.03s Sys=0.01s Real=0.01s
[2025-05-05T22:11:30.414+0800][gc,heap,exit] Heap
[2025-05-05T22:11:30.415+0800][gc,heap,exit]  garbage-first heap   total 1048576K, used 183866K [0x00000000c0000000, 0x0000000100000000)
[2025-05-05T22:11:30.416+0800][gc,heap,exit]   region size 1024K, 8 young (8192K), 5 survivors (5120K)
[2025-05-05T22:11:30.416+0800][gc,heap,exit]  Metaspace       used 51032K, committed 52160K, reserved 1114112K
[2025-05-05T22:11:30.416+0800][gc,heap,exit]   class space    used 5923K, committed 6400K, reserved 1048576K
