[2025-05-05T23:53:45.525+0800][gc,init] CardTable entry size: 512
[2025-05-05T23:53:45.530+0800][gc     ] Using G1
[2025-05-05T23:53:45.537+0800][gc,init] Version: 21.0.6+7-Ubuntu-124.04.1 (release)
[2025-05-05T23:53:45.538+0800][gc,init] CPUs: 12 total, 12 available
[2025-05-05T23:53:45.538+0800][gc,init] Memory: 7903M
[2025-05-05T23:53:45.539+0800][gc,init] Large Page Support: Disabled
[2025-05-05T23:53:45.539+0800][gc,init] NUMA Support: Disabled
[2025-05-05T23:53:45.540+0800][gc,init] Compressed Oops: Enabled (32-bit)
[2025-05-05T23:53:45.540+0800][gc,init] Heap Region Size: 1M
[2025-05-05T23:53:45.540+0800][gc,init] Heap Min Capacity: 1G
[2025-05-05T23:53:45.541+0800][gc,init] Heap Initial Capacity: 1G
[2025-05-05T23:53:45.542+0800][gc,init] Heap Max Capacity: 1G
[2025-05-05T23:53:45.542+0800][gc,init] Pre-touch: Disabled
[2025-05-05T23:53:45.542+0800][gc,init] Parallel Workers: 10
[2025-05-05T23:53:45.543+0800][gc,init] Concurrent Workers: 3
[2025-05-05T23:53:45.543+0800][gc,init] Concurrent Refinement Workers: 10
[2025-05-05T23:53:45.544+0800][gc,init] Periodic GC: Disabled
[2025-05-05T23:53:45.551+0800][gc,metaspace] CDS archive(s) mapped at: [0x00007f1ac3000000-0x00007f1ac3c97000-0x00007f1ac3c97000), size 13201408, SharedBaseAddress: 0x00007f1ac3000000, ArchiveRelocationMode: 1.
[2025-05-05T23:53:45.551+0800][gc,metaspace] Compressed class space mapped at: 0x00007f1ac4000000-0x00007f1b04000000, reserved size: 1073741824
[2025-05-05T23:53:45.551+0800][gc,metaspace] Narrow klass base: 0x00007f1ac3000000, Narrow klass shift: 0, Narrow klass range: 0x100000000
[2025-05-05T23:53:48.137+0800][gc,start    ] GC(0) Pause Young (Normal) (G1 Evacuation Pause)
[2025-05-05T23:53:48.139+0800][gc,task     ] GC(0) Using 10 workers of 10 for evacuation
[2025-05-05T23:53:48.148+0800][gc,phases   ] GC(0)   Pre Evacuate Collection Set: 0.3ms
[2025-05-05T23:53:48.148+0800][gc,phases   ] GC(0)   Merge Heap Roots: 0.3ms
[2025-05-05T23:53:48.148+0800][gc,phases   ] GC(0)   Evacuate Collection Set: 6.5ms
[2025-05-05T23:53:48.149+0800][gc,phases   ] GC(0)   Post Evacuate Collection Set: 1.3ms
[2025-05-05T23:53:48.149+0800][gc,phases   ] GC(0)   Other: 2.1ms
[2025-05-05T23:53:48.150+0800][gc,heap     ] GC(0) Eden regions: 51->0(44)
[2025-05-05T23:53:48.150+0800][gc,heap     ] GC(0) Survivor regions: 0->7(7)
[2025-05-05T23:53:48.150+0800][gc,heap     ] GC(0) Old regions: 2->4
[2025-05-05T23:53:48.151+0800][gc,heap     ] GC(0) Humongous regions: 0->0
[2025-05-05T23:53:48.151+0800][gc,metaspace] GC(0) Metaspace: 15910K(16192K)->15910K(16192K) NonClass: 14202K(14336K)->14202K(14336K) Class: 1708K(1856K)->1708K(1856K)
[2025-05-05T23:53:48.152+0800][gc          ] GC(0) Pause Young (Normal) (G1 Evacuation Pause) 52M->9M(1024M) 14.776ms
[2025-05-05T23:53:48.152+0800][gc,cpu      ] GC(0) User=0.00s Sys=0.06s Real=0.01s
[2025-05-05T23:53:48.596+0800][gc,start    ] GC(1) Pause Young (Concurrent Start) (Metadata GC Threshold)
[2025-05-05T23:53:48.596+0800][gc,task     ] GC(1) Using 10 workers of 10 for evacuation
[2025-05-05T23:53:48.604+0800][gc,phases   ] GC(1)   Pre Evacuate Collection Set: 0.5ms
[2025-05-05T23:53:48.604+0800][gc,phases   ] GC(1)   Merge Heap Roots: 0.2ms
[2025-05-05T23:53:48.605+0800][gc,phases   ] GC(1)   Evacuate Collection Set: 5.8ms
[2025-05-05T23:53:48.605+0800][gc,phases   ] GC(1)   Post Evacuate Collection Set: 0.9ms
[2025-05-05T23:53:48.606+0800][gc,phases   ] GC(1)   Other: 0.6ms
[2025-05-05T23:53:48.606+0800][gc,heap     ] GC(1) Eden regions: 16->0(49)
[2025-05-05T23:53:48.606+0800][gc,heap     ] GC(1) Survivor regions: 7->2(7)
[2025-05-05T23:53:48.607+0800][gc,heap     ] GC(1) Old regions: 4->11
[2025-05-05T23:53:48.607+0800][gc,heap     ] GC(1) Humongous regions: 0->0
[2025-05-05T23:53:48.607+0800][gc,metaspace] GC(1) Metaspace: 21222K(21504K)->21222K(21504K) NonClass: 18713K(18880K)->18713K(18880K) Class: 2508K(2624K)->2508K(2624K)
[2025-05-05T23:53:48.608+0800][gc          ] GC(1) Pause Young (Concurrent Start) (Metadata GC Threshold) 24M->10M(1024M) 12.118ms
[2025-05-05T23:53:48.608+0800][gc,cpu      ] GC(1) User=0.04s Sys=0.01s Real=0.01s
[2025-05-05T23:53:48.608+0800][gc          ] GC(2) Concurrent Mark Cycle
[2025-05-05T23:53:48.609+0800][gc,marking  ] GC(2) Concurrent Scan Root Regions
[2025-05-05T23:53:48.611+0800][gc,marking  ] GC(2) Concurrent Scan Root Regions 1.839ms
[2025-05-05T23:53:48.611+0800][gc,marking  ] GC(2) Concurrent Mark
[2025-05-05T23:53:48.611+0800][gc,marking  ] GC(2) Concurrent Mark From Roots
[2025-05-05T23:53:48.612+0800][gc,task     ] GC(2) Using 3 workers of 3 for marking
[2025-05-05T23:53:48.614+0800][gc,marking  ] GC(2) Concurrent Mark From Roots 2.523ms
[2025-05-05T23:53:48.614+0800][gc,marking  ] GC(2) Concurrent Preclean
[2025-05-05T23:53:48.615+0800][gc,marking  ] GC(2) Concurrent Preclean 0.457ms
[2025-05-05T23:53:48.615+0800][gc,start    ] GC(2) Pause Remark
[2025-05-05T23:53:48.618+0800][gc          ] GC(2) Pause Remark 11M->11M(1024M) 2.516ms
[2025-05-05T23:53:48.618+0800][gc,cpu      ] GC(2) User=0.00s Sys=0.00s Real=0.00s
[2025-05-05T23:53:48.619+0800][gc,marking  ] GC(2) Concurrent Mark 7.567ms
[2025-05-05T23:53:48.619+0800][gc,marking  ] GC(2) Concurrent Rebuild Remembered Sets and Scrub Regions
[2025-05-05T23:53:48.621+0800][gc,marking  ] GC(2) Concurrent Rebuild Remembered Sets and Scrub Regions 1.884ms
[2025-05-05T23:53:48.621+0800][gc,start    ] GC(2) Pause Cleanup
[2025-05-05T23:53:48.622+0800][gc          ] GC(2) Pause Cleanup 11M->11M(1024M) 0.599ms
[2025-05-05T23:53:48.622+0800][gc,cpu      ] GC(2) User=0.00s Sys=0.00s Real=0.00s
[2025-05-05T23:53:48.623+0800][gc,marking  ] GC(2) Concurrent Clear Claimed Marks
[2025-05-05T23:53:48.623+0800][gc,marking  ] GC(2) Concurrent Clear Claimed Marks 0.239ms
[2025-05-05T23:53:48.623+0800][gc,marking  ] GC(2) Concurrent Cleanup for Next Mark
[2025-05-05T23:53:48.624+0800][gc,marking  ] GC(2) Concurrent Cleanup for Next Mark 1.428ms
[2025-05-05T23:53:48.625+0800][gc          ] GC(2) Concurrent Mark Cycle 16.708ms
[2025-05-05T23:53:49.990+0800][gc,start    ] GC(3) Pause Young (Prepare Mixed) (G1 Evacuation Pause)
[2025-05-05T23:53:49.990+0800][gc,task     ] GC(3) Using 10 workers of 10 for evacuation
[2025-05-05T23:53:49.996+0800][gc,phases   ] GC(3)   Pre Evacuate Collection Set: 0.5ms
[2025-05-05T23:53:49.996+0800][gc,phases   ] GC(3)   Merge Heap Roots: 0.3ms
[2025-05-05T23:53:49.997+0800][gc,phases   ] GC(3)   Evacuate Collection Set: 3.1ms
[2025-05-05T23:53:49.997+0800][gc,phases   ] GC(3)   Post Evacuate Collection Set: 1.1ms
[2025-05-05T23:53:49.997+0800][gc,phases   ] GC(3)   Other: 0.4ms
[2025-05-05T23:53:49.998+0800][gc,heap     ] GC(3) Eden regions: 49->0(45)
[2025-05-05T23:53:49.998+0800][gc,heap     ] GC(3) Survivor regions: 2->6(7)
[2025-05-05T23:53:49.998+0800][gc,heap     ] GC(3) Old regions: 11->11
[2025-05-05T23:53:49.999+0800][gc,heap     ] GC(3) Humongous regions: 9->9
[2025-05-05T23:53:49.999+0800][gc,metaspace] GC(3) Metaspace: 34059K(34560K)->34059K(34560K) NonClass: 30207K(30464K)->30207K(30464K) Class: 3852K(4096K)->3852K(4096K)
[2025-05-05T23:53:49.999+0800][gc          ] GC(3) Pause Young (Prepare Mixed) (G1 Evacuation Pause) 68M->24M(1024M) 9.607ms
[2025-05-05T23:53:50.000+0800][gc,cpu      ] GC(3) User=0.04s Sys=0.00s Real=0.01s
[2025-05-05T23:53:50.168+0800][gc,start    ] GC(4) Pause Young (Mixed) (Metadata GC Threshold)
[2025-05-05T23:53:50.169+0800][gc,task     ] GC(4) Using 10 workers of 10 for evacuation
[2025-05-05T23:53:50.178+0800][gc,phases   ] GC(4)   Pre Evacuate Collection Set: 0.4ms
[2025-05-05T23:53:50.178+0800][gc,phases   ] GC(4)   Merge Heap Roots: 0.2ms
[2025-05-05T23:53:50.179+0800][gc,phases   ] GC(4)   Evacuate Collection Set: 7.0ms
[2025-05-05T23:53:50.179+0800][gc,phases   ] GC(4)   Post Evacuate Collection Set: 1.1ms
[2025-05-05T23:53:50.179+0800][gc,phases   ] GC(4)   Other: 0.4ms
[2025-05-05T23:53:50.180+0800][gc,heap     ] GC(4) Eden regions: 8->0(49)
[2025-05-05T23:53:50.180+0800][gc,heap     ] GC(4) Survivor regions: 6->2(7)
[2025-05-05T23:53:50.180+0800][gc,heap     ] GC(4) Old regions: 11->16
[2025-05-05T23:53:50.181+0800][gc,heap     ] GC(4) Humongous regions: 9->9
[2025-05-05T23:53:50.181+0800][gc,metaspace] GC(4) Metaspace: 35683K(36160K)->35683K(36160K) NonClass: 31602K(31872K)->31602K(31872K) Class: 4080K(4288K)->4080K(4288K)
[2025-05-05T23:53:50.181+0800][gc          ] GC(4) Pause Young (Mixed) (Metadata GC Threshold) 32M->25M(1024M) 13.550ms
[2025-05-05T23:53:50.182+0800][gc,cpu      ] GC(4) User=0.04s Sys=0.02s Real=0.01s
[2025-05-05T23:53:50.204+0800][gc,start    ] GC(5) Pause Young (Concurrent Start) (Metadata GC Threshold)
[2025-05-05T23:53:50.205+0800][gc,task     ] GC(5) Using 10 workers of 10 for evacuation
[2025-05-05T23:53:50.208+0800][gc,phases   ] GC(5)   Pre Evacuate Collection Set: 0.4ms
[2025-05-05T23:53:50.208+0800][gc,phases   ] GC(5)   Merge Heap Roots: 0.2ms
[2025-05-05T23:53:50.209+0800][gc,phases   ] GC(5)   Evacuate Collection Set: 1.0ms
[2025-05-05T23:53:50.209+0800][gc,phases   ] GC(5)   Post Evacuate Collection Set: 1.0ms
[2025-05-05T23:53:50.209+0800][gc,phases   ] GC(5)   Other: 0.5ms
[2025-05-05T23:53:50.209+0800][gc,heap     ] GC(5) Eden regions: 2->0(50)
[2025-05-05T23:53:50.210+0800][gc,heap     ] GC(5) Survivor regions: 2->1(7)
[2025-05-05T23:53:50.210+0800][gc,heap     ] GC(5) Old regions: 16->16
[2025-05-05T23:53:50.210+0800][gc,heap     ] GC(5) Humongous regions: 9->9
[2025-05-05T23:53:50.211+0800][gc,metaspace] GC(5) Metaspace: 36025K(36480K)->36025K(36480K) NonClass: 31926K(32192K)->31926K(32192K) Class: 4098K(4288K)->4098K(4288K)
[2025-05-05T23:53:50.211+0800][gc          ] GC(5) Pause Young (Concurrent Start) (Metadata GC Threshold) 27M->24M(1024M) 6.420ms
[2025-05-05T23:53:50.211+0800][gc,cpu      ] GC(5) User=0.00s Sys=0.00s Real=0.00s
[2025-05-05T23:53:50.211+0800][gc          ] GC(6) Concurrent Mark Cycle
[2025-05-05T23:53:50.212+0800][gc,marking  ] GC(6) Concurrent Scan Root Regions
[2025-05-05T23:53:50.213+0800][gc,marking  ] GC(6) Concurrent Scan Root Regions 1.058ms
[2025-05-05T23:53:50.213+0800][gc,marking  ] GC(6) Concurrent Mark
[2025-05-05T23:53:50.213+0800][gc,marking  ] GC(6) Concurrent Mark From Roots
[2025-05-05T23:53:50.214+0800][gc,task     ] GC(6) Using 3 workers of 3 for marking
[2025-05-05T23:53:50.222+0800][gc,marking  ] GC(6) Concurrent Mark From Roots 8.965ms
[2025-05-05T23:53:50.223+0800][gc,marking  ] GC(6) Concurrent Preclean
[2025-05-05T23:53:50.223+0800][gc,marking  ] GC(6) Concurrent Preclean 0.377ms
[2025-05-05T23:53:50.224+0800][gc,start    ] GC(6) Pause Remark
[2025-05-05T23:53:50.226+0800][gc          ] GC(6) Pause Remark 26M->26M(1024M) 2.643ms
[2025-05-05T23:53:50.227+0800][gc,cpu      ] GC(6) User=0.01s Sys=0.00s Real=0.00s
[2025-05-05T23:53:50.227+0800][gc,marking  ] GC(6) Concurrent Mark 14.085ms
[2025-05-05T23:53:50.227+0800][gc,marking  ] GC(6) Concurrent Rebuild Remembered Sets and Scrub Regions
[2025-05-05T23:53:50.231+0800][gc,marking  ] GC(6) Concurrent Rebuild Remembered Sets and Scrub Regions 3.990ms
[2025-05-05T23:53:50.232+0800][gc,start    ] GC(6) Pause Cleanup
[2025-05-05T23:53:50.232+0800][gc          ] GC(6) Pause Cleanup 26M->26M(1024M) 0.594ms
[2025-05-05T23:53:50.233+0800][gc,cpu      ] GC(6) User=0.00s Sys=0.00s Real=0.01s
[2025-05-05T23:53:50.233+0800][gc,marking  ] GC(6) Concurrent Clear Claimed Marks
[2025-05-05T23:53:50.234+0800][gc,marking  ] GC(6) Concurrent Clear Claimed Marks 0.383ms
[2025-05-05T23:53:50.234+0800][gc,marking  ] GC(6) Concurrent Cleanup for Next Mark
[2025-05-05T23:53:50.235+0800][gc,marking  ] GC(6) Concurrent Cleanup for Next Mark 0.909ms
[2025-05-05T23:53:50.235+0800][gc          ] GC(6) Concurrent Mark Cycle 23.964ms
[2025-05-05T23:55:13.925+0800][gc,start    ] GC(7) Pause Young (Prepare Mixed) (G1 Evacuation Pause)
[2025-05-05T23:55:13.925+0800][gc,task     ] GC(7) Using 10 workers of 10 for evacuation
[2025-05-05T23:55:13.932+0800][gc,phases   ] GC(7)   Pre Evacuate Collection Set: 0.6ms
[2025-05-05T23:55:13.933+0800][gc,phases   ] GC(7)   Merge Heap Roots: 0.3ms
[2025-05-05T23:55:13.933+0800][gc,phases   ] GC(7)   Evacuate Collection Set: 4.2ms
[2025-05-05T23:55:13.934+0800][gc,phases   ] GC(7)   Post Evacuate Collection Set: 1.5ms
[2025-05-05T23:55:13.934+0800][gc,phases   ] GC(7)   Other: 0.6ms
[2025-05-05T23:55:13.934+0800][gc,heap     ] GC(7) Eden regions: 50->0(44)
[2025-05-05T23:55:13.935+0800][gc,heap     ] GC(7) Survivor regions: 1->7(7)
[2025-05-05T23:55:13.935+0800][gc,heap     ] GC(7) Old regions: 16->17
[2025-05-05T23:55:13.935+0800][gc,heap     ] GC(7) Humongous regions: 138->138
[2025-05-05T23:55:13.936+0800][gc,metaspace] GC(7) Metaspace: 43742K(44608K)->43742K(44608K) NonClass: 38753K(39232K)->38753K(39232K) Class: 4988K(5376K)->4988K(5376K)
[2025-05-05T23:55:13.936+0800][gc          ] GC(7) Pause Young (Prepare Mixed) (G1 Evacuation Pause) 203M->161M(1024M) 11.342ms
[2025-05-05T23:55:13.936+0800][gc,cpu      ] GC(7) User=0.04s Sys=0.01s Real=0.01s
[2025-05-06T00:01:02.902+0800][gc,start    ] GC(8) Pause Young (Mixed) (G1 Evacuation Pause)
[2025-05-06T00:01:02.903+0800][gc,task     ] GC(8) Using 10 workers of 10 for evacuation
[2025-05-06T00:01:02.915+0800][gc,phases   ] GC(8)   Pre Evacuate Collection Set: 0.7ms
[2025-05-06T00:01:02.916+0800][gc,phases   ] GC(8)   Merge Heap Roots: 0.4ms
[2025-05-06T00:01:02.916+0800][gc,phases   ] GC(8)   Evacuate Collection Set: 9.5ms
[2025-05-06T00:01:02.917+0800][gc,phases   ] GC(8)   Post Evacuate Collection Set: 1.4ms
[2025-05-06T00:01:02.917+0800][gc,phases   ] GC(8)   Other: 0.5ms
[2025-05-06T00:01:02.917+0800][gc,heap     ] GC(8) Eden regions: 44->0(48)
[2025-05-06T00:01:02.918+0800][gc,heap     ] GC(8) Survivor regions: 7->3(7)
[2025-05-06T00:01:02.918+0800][gc,heap     ] GC(8) Old regions: 17->24
[2025-05-06T00:01:02.918+0800][gc,heap     ] GC(8) Humongous regions: 138->138
[2025-05-06T00:01:02.919+0800][gc,metaspace] GC(8) Metaspace: 46674K(47680K)->46674K(47680K) NonClass: 41299K(41856K)->41299K(41856K) Class: 5375K(5824K)->5375K(5824K)
[2025-05-06T00:01:02.919+0800][gc          ] GC(8) Pause Young (Mixed) (G1 Evacuation Pause) 205M->163M(1024M) 16.912ms
[2025-05-06T00:01:02.920+0800][gc,cpu      ] GC(8) User=0.08s Sys=0.01s Real=0.02s
[2025-05-06T00:03:59.543+0800][gc,start    ] GC(9) Pause Young (Normal) (G1 Evacuation Pause)
[2025-05-06T00:03:59.544+0800][gc,task     ] GC(9) Using 10 workers of 10 for evacuation
[2025-05-06T00:03:59.550+0800][gc,phases   ] GC(9)   Pre Evacuate Collection Set: 0.5ms
[2025-05-06T00:03:59.550+0800][gc,phases   ] GC(9)   Merge Heap Roots: 0.2ms
[2025-05-06T00:03:59.551+0800][gc,phases   ] GC(9)   Evacuate Collection Set: 3.5ms
[2025-05-06T00:03:59.551+0800][gc,phases   ] GC(9)   Post Evacuate Collection Set: 1.5ms
[2025-05-06T00:03:59.552+0800][gc,phases   ] GC(9)   Other: 0.5ms
[2025-05-06T00:03:59.552+0800][gc,heap     ] GC(9) Eden regions: 48->0(46)
[2025-05-06T00:03:59.553+0800][gc,heap     ] GC(9) Survivor regions: 3->5(7)
[2025-05-06T00:03:59.553+0800][gc,heap     ] GC(9) Old regions: 24->24
[2025-05-06T00:03:59.553+0800][gc,heap     ] GC(9) Humongous regions: 144->144
[2025-05-06T00:03:59.554+0800][gc,metaspace] GC(9) Metaspace: 49282K(50304K)->49282K(50304K) NonClass: 43648K(44224K)->43648K(44224K) Class: 5633K(6080K)->5633K(6080K)
[2025-05-06T00:03:59.554+0800][gc          ] GC(9) Pause Young (Normal) (G1 Evacuation Pause) 217M->171M(1024M) 10.766ms
[2025-05-06T00:03:59.554+0800][gc,cpu      ] GC(9) User=0.02s Sys=0.02s Real=0.01s
[2025-05-06T00:07:36.213+0800][gc,start    ] GC(10) Pause Young (Normal) (G1 Evacuation Pause)
[2025-05-06T00:07:36.214+0800][gc,task     ] GC(10) Using 10 workers of 10 for evacuation
[2025-05-06T00:07:36.220+0800][gc,phases   ] GC(10)   Pre Evacuate Collection Set: 0.5ms
[2025-05-06T00:07:36.220+0800][gc,phases   ] GC(10)   Merge Heap Roots: 0.2ms
[2025-05-06T00:07:36.221+0800][gc,phases   ] GC(10)   Evacuate Collection Set: 3.4ms
[2025-05-06T00:07:36.221+0800][gc,phases   ] GC(10)   Post Evacuate Collection Set: 1.4ms
[2025-05-06T00:07:36.222+0800][gc,phases   ] GC(10)   Other: 0.6ms
[2025-05-06T00:07:36.222+0800][gc,heap     ] GC(10) Eden regions: 46->0(47)
[2025-05-06T00:07:36.222+0800][gc,heap     ] GC(10) Survivor regions: 5->4(7)
[2025-05-06T00:07:36.223+0800][gc,heap     ] GC(10) Old regions: 24->25
[2025-05-06T00:07:36.223+0800][gc,heap     ] GC(10) Humongous regions: 144->144
[2025-05-06T00:07:36.223+0800][gc,metaspace] GC(10) Metaspace: 49894K(51008K)->49894K(51008K) NonClass: 44159K(44800K)->44159K(44800K) Class: 5734K(6208K)->5734K(6208K)
[2025-05-06T00:07:36.224+0800][gc          ] GC(10) Pause Young (Normal) (G1 Evacuation Pause) 217M->172M(1024M) 10.468ms
[2025-05-06T00:07:36.224+0800][gc,cpu      ] GC(10) User=0.03s Sys=0.00s Real=0.01s
[2025-05-06T00:11:34.870+0800][gc,start    ] GC(11) Pause Young (Normal) (G1 Evacuation Pause)
[2025-05-06T00:11:34.870+0800][gc,task     ] GC(11) Using 10 workers of 10 for evacuation
[2025-05-06T00:11:34.876+0800][gc,phases   ] GC(11)   Pre Evacuate Collection Set: 0.6ms
[2025-05-06T00:11:34.877+0800][gc,phases   ] GC(11)   Merge Heap Roots: 0.2ms
[2025-05-06T00:11:34.877+0800][gc,phases   ] GC(11)   Evacuate Collection Set: 3.4ms
[2025-05-06T00:11:34.877+0800][gc,phases   ] GC(11)   Post Evacuate Collection Set: 1.0ms
[2025-05-06T00:11:34.878+0800][gc,phases   ] GC(11)   Other: 0.5ms
[2025-05-06T00:11:34.878+0800][gc,heap     ] GC(11) Eden regions: 47->0(47)
[2025-05-06T00:11:34.878+0800][gc,heap     ] GC(11) Survivor regions: 4->4(7)
[2025-05-06T00:11:34.879+0800][gc,heap     ] GC(11) Old regions: 25->27
[2025-05-06T00:11:34.879+0800][gc,heap     ] GC(11) Humongous regions: 144->144
[2025-05-06T00:11:34.880+0800][gc,metaspace] GC(11) Metaspace: 50003K(51136K)->50003K(51136K) NonClass: 44261K(44928K)->44261K(44928K) Class: 5741K(6208K)->5741K(6208K)
[2025-05-06T00:11:34.880+0800][gc          ] GC(11) Pause Young (Normal) (G1 Evacuation Pause) 219M->173M(1024M) 9.997ms
[2025-05-06T00:11:34.880+0800][gc,cpu      ] GC(11) User=0.02s Sys=0.01s Real=0.01s
[2025-05-06T00:15:40.107+0800][gc,start    ] GC(12) Pause Young (Normal) (G1 Evacuation Pause)
[2025-05-06T00:15:40.108+0800][gc,task     ] GC(12) Using 10 workers of 10 for evacuation
[2025-05-06T00:15:40.114+0800][gc,phases   ] GC(12)   Pre Evacuate Collection Set: 1.6ms
[2025-05-06T00:15:40.115+0800][gc,phases   ] GC(12)   Merge Heap Roots: 0.4ms
[2025-05-06T00:15:40.115+0800][gc,phases   ] GC(12)   Evacuate Collection Set: 3.0ms
[2025-05-06T00:15:40.116+0800][gc,phases   ] GC(12)   Post Evacuate Collection Set: 1.4ms
[2025-05-06T00:15:40.116+0800][gc,phases   ] GC(12)   Other: 0.5ms
[2025-05-06T00:15:40.116+0800][gc,heap     ] GC(12) Eden regions: 47->0(46)
[2025-05-06T00:15:40.117+0800][gc,heap     ] GC(12) Survivor regions: 4->5(7)
[2025-05-06T00:15:40.117+0800][gc,heap     ] GC(12) Old regions: 27->27
[2025-05-06T00:15:40.117+0800][gc,heap     ] GC(12) Humongous regions: 144->144
[2025-05-06T00:15:40.118+0800][gc,metaspace] GC(12) Metaspace: 50068K(51136K)->50068K(51136K) NonClass: 44327K(44928K)->44327K(44928K) Class: 5741K(6208K)->5741K(6208K)
[2025-05-06T00:15:40.118+0800][gc          ] GC(12) Pause Young (Normal) (G1 Evacuation Pause) 220M->175M(1024M) 11.082ms
[2025-05-06T00:15:40.118+0800][gc,cpu      ] GC(12) User=0.03s Sys=0.01s Real=0.01s
[2025-05-06T00:20:11.244+0800][gc,start    ] GC(13) Pause Young (Normal) (G1 Evacuation Pause)
[2025-05-06T00:20:11.244+0800][gc,task     ] GC(13) Using 10 workers of 10 for evacuation
[2025-05-06T00:20:11.254+0800][gc,phases   ] GC(13)   Pre Evacuate Collection Set: 1.0ms
[2025-05-06T00:20:11.255+0800][gc,phases   ] GC(13)   Merge Heap Roots: 0.3ms
[2025-05-06T00:20:11.255+0800][gc,phases   ] GC(13)   Evacuate Collection Set: 7.2ms
[2025-05-06T00:20:11.256+0800][gc,phases   ] GC(13)   Post Evacuate Collection Set: 1.4ms
[2025-05-06T00:20:11.256+0800][gc,phases   ] GC(13)   Other: 0.5ms
[2025-05-06T00:20:11.256+0800][gc,heap     ] GC(13) Eden regions: 51->0(72)
[2025-05-06T00:20:11.257+0800][gc,heap     ] GC(13) Survivor regions: 5->5(7)
[2025-05-06T00:20:11.257+0800][gc,heap     ] GC(13) Old regions: 27->29
[2025-05-06T00:20:11.257+0800][gc,heap     ] GC(13) Humongous regions: 144->144
[2025-05-06T00:20:11.258+0800][gc,metaspace] GC(13) Metaspace: 50090K(51136K)->50090K(51136K) NonClass: 44347K(44928K)->44347K(44928K) Class: 5742K(6208K)->5742K(6208K)
[2025-05-06T00:20:11.258+0800][gc          ] GC(13) Pause Young (Normal) (G1 Evacuation Pause) 226M->177M(1024M) 14.497ms
[2025-05-06T00:20:11.258+0800][gc,cpu      ] GC(13) User=0.03s Sys=0.02s Real=0.02s
[2025-05-06T00:26:15.485+0800][gc,start    ] GC(14) Pause Young (Normal) (G1 Evacuation Pause)
[2025-05-06T00:26:15.485+0800][gc,task     ] GC(14) Using 10 workers of 10 for evacuation
[2025-05-06T00:26:15.495+0800][gc,phases   ] GC(14)   Pre Evacuate Collection Set: 1.0ms
[2025-05-06T00:26:15.496+0800][gc,phases   ] GC(14)   Merge Heap Roots: 0.3ms
[2025-05-06T00:26:15.496+0800][gc,phases   ] GC(14)   Evacuate Collection Set: 6.9ms
[2025-05-06T00:26:15.497+0800][gc,phases   ] GC(14)   Post Evacuate Collection Set: 1.2ms
[2025-05-06T00:26:15.497+0800][gc,phases   ] GC(14)   Other: 0.6ms
[2025-05-06T00:26:15.497+0800][gc,heap     ] GC(14) Eden regions: 62->0(82)
[2025-05-06T00:26:15.498+0800][gc,heap     ] GC(14) Survivor regions: 5->6(9)
[2025-05-06T00:26:15.498+0800][gc,heap     ] GC(14) Old regions: 29->31
[2025-05-06T00:26:15.499+0800][gc,heap     ] GC(14) Humongous regions: 144->144
[2025-05-06T00:26:15.499+0800][gc,metaspace] GC(14) Metaspace: 50113K(51200K)->50113K(51200K) NonClass: 44371K(44992K)->44371K(44992K) Class: 5742K(6208K)->5742K(6208K)
[2025-05-06T00:26:15.499+0800][gc          ] GC(14) Pause Young (Normal) (G1 Evacuation Pause) 239M->179M(1024M) 14.730ms
[2025-05-06T00:26:15.500+0800][gc,cpu      ] GC(14) User=0.04s Sys=0.03s Real=0.01s
[2025-05-06T00:32:34.401+0800][gc,start    ] GC(15) Pause Young (Normal) (G1 Evacuation Pause)
[2025-05-06T00:32:34.401+0800][gc,task     ] GC(15) Using 10 workers of 10 for evacuation
[2025-05-06T00:32:34.408+0800][gc,phases   ] GC(15)   Pre Evacuate Collection Set: 0.8ms
[2025-05-06T00:32:34.409+0800][gc,phases   ] GC(15)   Merge Heap Roots: 0.3ms
[2025-05-06T00:32:34.409+0800][gc,phases   ] GC(15)   Evacuate Collection Set: 4.1ms
[2025-05-06T00:32:34.409+0800][gc,phases   ] GC(15)   Post Evacuate Collection Set: 1.1ms
[2025-05-06T00:32:34.410+0800][gc,phases   ] GC(15)   Other: 0.4ms
[2025-05-06T00:32:34.410+0800][gc,heap     ] GC(15) Eden regions: 46->0(101)
[2025-05-06T00:32:34.411+0800][gc,heap     ] GC(15) Survivor regions: 6->5(7)
[2025-05-06T00:32:34.411+0800][gc,heap     ] GC(15) Old regions: 31->33
[2025-05-06T00:32:34.411+0800][gc,heap     ] GC(15) Humongous regions: 144->144
[2025-05-06T00:32:34.412+0800][gc,metaspace] GC(15) Metaspace: 50157K(51200K)->50157K(51200K) NonClass: 44412K(44992K)->44412K(44992K) Class: 5745K(6208K)->5745K(6208K)
[2025-05-06T00:32:34.412+0800][gc          ] GC(15) Pause Young (Normal) (G1 Evacuation Pause) 225M->180M(1024M) 10.858ms
[2025-05-06T00:32:34.412+0800][gc,cpu      ] GC(15) User=0.03s Sys=0.01s Real=0.01s
[2025-05-06T00:45:11.181+0800][gc,start    ] GC(16) Pause Young (Normal) (G1 Evacuation Pause)
[2025-05-06T00:45:11.182+0800][gc,task     ] GC(16) Using 10 workers of 10 for evacuation
[2025-05-06T00:45:11.192+0800][gc,phases   ] GC(16)   Pre Evacuate Collection Set: 0.8ms
[2025-05-06T00:45:11.192+0800][gc,phases   ] GC(16)   Merge Heap Roots: 0.2ms
[2025-05-06T00:45:11.193+0800][gc,phases   ] GC(16)   Evacuate Collection Set: 7.3ms
[2025-05-06T00:45:11.193+0800][gc,phases   ] GC(16)   Post Evacuate Collection Set: 1.2ms
[2025-05-06T00:45:11.194+0800][gc,phases   ] GC(16)   Other: 0.7ms
[2025-05-06T00:45:11.194+0800][gc,heap     ] GC(16) Eden regions: 88->0(219)
[2025-05-06T00:45:11.194+0800][gc,heap     ] GC(16) Survivor regions: 5->6(12)
[2025-05-06T00:45:11.195+0800][gc,heap     ] GC(16) Old regions: 33->33
[2025-05-06T00:45:11.195+0800][gc,heap     ] GC(16) Humongous regions: 144->144
[2025-05-06T00:45:11.195+0800][gc,metaspace] GC(16) Metaspace: 50188K(51264K)->50188K(51264K) NonClass: 44443K(45056K)->44443K(45056K) Class: 5745K(6208K)->5745K(6208K)
[2025-05-06T00:45:11.196+0800][gc          ] GC(16) Pause Young (Normal) (G1 Evacuation Pause) 268M->181M(1024M) 14.916ms
[2025-05-06T00:45:11.196+0800][gc,cpu      ] GC(16) User=0.04s Sys=0.03s Real=0.01s
[2025-05-06T00:58:59.085+0800][gc,heap,exit] Heap
[2025-05-06T00:58:59.086+0800][gc,heap,exit]  garbage-first heap   total 1048576K, used 308544K [0x00000000c0000000, 0x0000000100000000)
[2025-05-06T00:58:59.086+0800][gc,heap,exit]   region size 1024K, 117 young (119808K), 6 survivors (6144K)
[2025-05-06T00:58:59.086+0800][gc,heap,exit]  Metaspace       used 51499K, committed 52608K, reserved 1114112K
[2025-05-06T00:58:59.086+0800][gc,heap,exit]   class space    used 6003K, committed 6464K, reserved 1048576K
